p1_read_loop                   ember  0.022s | c    0.023s | ember/ref  0.96x | MB    0.8 /    0.8
p2_view_held                   ember  0.046s | c    0.065s | ember/ref  0.71x | MB    0.8 /    0.8
p3_mut_self_1_field            ember  0.025s | cpp  0.031s | ember/ref  0.82x | MB    0.7 /    0.8
p3_mut_self_6_fields           ember  0.025s | cpp  0.032s | ember/ref  0.80x | MB    0.8 /    0.8
p4_views_alive_01              ember  0.045s | c    0.045s | ember/ref  1.01x | MB    0.8 /    0.8
p4_views_alive_04              ember  0.046s | c    0.047s | ember/ref  0.97x | MB    0.8 /    0.8
p4_views_alive_16              ember  0.045s | c    0.045s | ember/ref  1.00x | MB    0.8 /    0.8
p5_million_objects             ember  0.217s | cpp  0.237s | ember/ref  0.91x | MB  108.8 /   92.8
p6_million_objects_6_lists     ember  0.276s | cpp  0.303s | ember/ref  0.91x | MB  224.1 /  176.0
p7_mut_self_calls_a_function   ember  0.025s | cpp  0.031s | ember/ref  0.81x | MB    0.8 /    0.8
p1_read_loop                   ember  0.016s | c    0.016s | ember/ref  1.01x | MB    0.7 /    0.7
p2_view_held                   ember  0.021s | c    0.046s | ember/ref  0.46x | MB    0.7 /    0.7
p3_mut_self_1_field            ember  0.024s | cpp  0.024s | ember/ref  1.00x | MB    0.7 /    0.6
p3_mut_self_6_fields           ember  0.024s | cpp  0.024s | ember/ref  1.00x | MB    0.7 /    0.7
p4_views_alive_01              ember  0.019s | c    0.048s | ember/ref  0.40x | MB    0.7 /    0.7
p4_views_alive_04              ember  0.019s | c    0.048s | ember/ref  0.39x | MB    0.7 /    0.7
p4_views_alive_16              ember  0.019s | c    0.048s | ember/ref  0.40x | MB    0.7 /    0.7
p5_million_objects             ember  0.204s | cpp  0.227s | ember/ref  0.90x | MB  108.7 /   92.5
p6_million_objects_6_lists     ember  0.273s | cpp  0.303s | ember/ref  0.90x | MB  224.1 /  175.7
p7_mut_self_calls_a_function   ember  0.025s | cpp  0.025s | ember/ref  1.00x | MB    0.7 /    0.7
a00_empty                      ember  0.005s | c    0.005s | ember/ref  1.02x | MB    0.8 /    0.8
a01_int_math                   ember  0.054s | c    0.067s | ember/ref  0.80x | MB    0.7 /    0.8
a02_float_math                 ember  0.094s | c    0.095s | ember/ref  0.99x | MB    0.8 /    0.8
a03_strings                    ember  0.059s | cpp  0.147s | ember/ref  0.40x | MB   97.0 /  171.8
a04_map_int                    ember  0.093s | cpp  0.356s | ember/ref  0.26x | MB   56.4 /   69.2
a05_structs                    ember  0.083s | c    0.083s | ember/ref  1.00x | MB    4.0 /    4.0
a06_enum_match                 ember  0.104s | c    0.120s | ember/ref  0.86x | MB   24.8 /   24.8
a07_virtual_calls              ember  0.095s | cpp  0.094s | ember/ref  1.01x | MB   60.4 /   43.9
a08_closures                   ember  0.100s | cpp  0.098s | ember/ref  1.01x | MB    0.7 /    0.7
a09_generics                   ember  0.113s | cpp  0.122s | ember/ref  0.93x | MB    0.7 /    0.8
a10_recursion                  ember  0.109s | c    0.102s | ember/ref  1.07x | MB    0.8 /    0.8
a11_dod_soa                    ember  0.097s | c    0.198s | ember/ref  0.49x | MB    2.4 /    2.4
a12_sort                       ember  0.229s | cpp  0.304s | ember/ref  0.75x | MB   40.8 /   73.4
a13_map_scrambled              ember  0.232s | cpp  0.361s | ember/ref  0.64x | MB   56.4 /   69.2
a14_map_gap_1024               ember  0.102s | cpp  0.279s | ember/ref  0.36x | MB   56.4 /   69.2
a15_map_gap_1048576            ember  0.095s | cpp  0.262s | ember/ref  0.36x | MB   56.4 /   69.2
a16_map_text                   ember  0.100s | cpp  0.088s | ember/ref  1.14x | MB   26.5 /   18.8
a00_empty                      ember  0.004s | c    0.004s | ember/ref  1.05x | MB    0.7 /    0.7
a01_int_math                   ember  0.046s | c    0.045s | ember/ref  1.03x | MB    0.7 /    0.7
a02_float_math                 ember  0.092s | c    0.092s | ember/ref  1.00x | MB    0.7 /    0.7
a03_strings                    ember  0.066s | cpp  0.123s | ember/ref  0.53x | MB   96.8 /  171.1
a04_map_int                    ember  0.058s | cpp  0.311s | ember/ref  0.19x | MB   56.3 /   69.0
a05_structs                    ember  0.086s | c    0.086s | ember/ref  1.00x | MB    3.9 /    3.9
a06_enum_match                 ember  0.098s | c    0.100s | ember/ref  0.97x | MB   24.7 /   24.7
a07_virtual_calls              ember  0.097s | cpp  0.094s | ember/ref  1.03x | MB   60.3 /   43.6
a08_closures                   ember  0.119s | cpp  0.117s | ember/ref  1.01x | MB    0.7 /    0.7
a09_generics                   ember  0.104s | cpp  0.103s | ember/ref  1.01x | MB    0.7 /    0.6
a10_recursion                  ember  0.111s | c    0.064s | ember/ref  1.73x | MB    0.7 /    0.7
a11_dod_soa                    ember  0.097s | c    0.097s | ember/ref  1.00x | MB    2.3 /    2.3
a12_sort                       ember  0.235s | cpp  0.292s | ember/ref  0.80x | MB   40.7 /   73.3
a13_map_scrambled              ember  0.219s | cpp  0.424s | ember/ref  0.52x | MB   56.3 /   69.0
a14_map_gap_1024               ember  0.082s | cpp  0.259s | ember/ref  0.32x | MB   56.3 /   69.0
a15_map_gap_1048576            ember  0.063s | cpp  0.247s | ember/ref  0.26x | MB   56.3 /   69.0
a16_map_text                   ember  0.072s | cpp  0.085s | ember/ref  0.84x | MB   26.4 /   18.5
b13_checked                    ember  0.035s | c    0.035s | ember/ref  1.00x | MB    2.4 /    2.4
b13_wrapped                    ember  0.036s | c    0.036s | ember/ref  0.99x | MB    2.4 /    2.4
b14_checked                    ember  0.379s | c    1.170s | ember/ref  0.32x | MB    2.4 /    2.4
b14_wrapped                    ember  0.382s | c    1.177s | ember/ref  0.32x | MB    2.4 /    2.4
b15_checked                    ember  0.384s | c    1.189s | ember/ref  0.32x | MB    2.4 /    2.4
b15_wrapped                    ember  0.384s | c    1.188s | ember/ref  0.32x | MB    2.4 /    2.4
b16_checked                    ember  0.086s | c    6.827s | ember/ref  0.01x | MB    3.2 /    3.2
b16_wrapped                    ember  0.086s | c    6.819s | ember/ref  0.01x | MB    3.2 /    3.2
b13_checked                    ember  0.044s | c    0.043s | ember/ref  1.03x | MB    2.3 /    2.3
b13_wrapped                    ember  0.043s | c    0.043s | ember/ref  1.00x | MB    2.3 /    2.3
b14_checked                    ember  0.394s | c    0.397s | ember/ref  0.99x | MB    2.3 /    2.3
b14_wrapped                    ember  0.392s | c    0.395s | ember/ref  0.99x | MB    2.3 /    2.3
b15_checked                    ember  0.398s | c    0.399s | ember/ref  1.00x | MB    2.3 /    2.3
b15_wrapped                    ember  0.392s | c    0.395s | ember/ref  0.99x | MB    2.3 /    2.3
b16_checked                    ember  0.396s | c    0.394s | ember/ref  1.01x | MB    3.1 /    3.1
b16_wrapped                    ember  0.400s | c    0.401s | ember/ref  1.00x | MB    3.1 /    3.1
w13_checked                    ember  0.014s | c    0.014s | ember/ref  1.02x | MB    3.2 /    3.2
w13_int_lanes                  ember  0.014s | c    0.014s | ember/ref  1.00x | MB    3.2 /    3.2
w1_sum_loop                    ember  0.022s | c    0.023s | ember/ref  0.96x | MB    0.8 /    0.8
w13_checked                    ember  0.044s | c    0.043s | ember/ref  1.01x | MB    3.1 /    3.1
w13_int_lanes                  ember  0.043s | c    0.044s | ember/ref  0.99x | MB    3.1 /    3.1
w1_sum_loop                    ember  0.016s | c    0.016s | ember/ref  0.99x | MB    0.7 /    0.7
s1_enumerate_xor               ember  0.043s | c    0.043s | ember/ref  1.01x | MB    8.8 /    8.8
s2_zip_and                     ember  0.111s | c    0.119s | ember/ref  0.93x | MB   16.8 /   16.8
s3_skip_step_take              ember  0.053s | c    0.053s | ember/ref  0.99x | MB    8.8 /    8.8
s4_copied_enumerate_skip       ember  0.065s | c    0.062s | ember/ref  1.04x | MB    8.8 /    8.8
s5_range_step_enumerate        ember  0.064s | c    0.064s | ember/ref  1.01x | MB    0.8 /    0.8
s6_chain_xor                   ember  0.108s | c    0.109s | ember/ref  0.99x | MB   16.8 /   16.8
s7_chain_xor_wrapped           ember  0.113s | c    0.113s | ember/ref  1.00x | MB   16.8 /   16.8
s1_enumerate_xor               ember  0.060s | c    0.059s | ember/ref  1.02x | MB    8.7 /    8.7
s2_zip_and                     ember  0.112s | c    0.112s | ember/ref  1.00x | MB   16.7 /   16.7
s3_skip_step_take              ember  0.051s | c    0.051s | ember/ref  1.00x | MB    8.7 /    8.7
s4_copied_enumerate_skip       ember  0.058s | c    0.057s | ember/ref  1.03x | MB    8.7 /    8.7
s5_range_step_enumerate        ember  0.042s | c    0.042s | ember/ref  1.00x | MB    0.7 /    0.7
s6_chain_xor                   ember  0.108s | c    0.108s | ember/ref  0.99x | MB   16.7 /   16.7
s7_chain_xor_wrapped           ember  0.110s | c    0.111s | ember/ref  1.00x | MB   16.7 /   16.7
t1_chars                       ember  0.030s | c    0.032s | ember/ref  0.95x | MB    3.8 /    3.8
t1b_str_loop                   ember  0.032s | c    0.032s | ember/ref  1.01x | MB    3.8 /    3.8
t2_bytes                       ember  0.007s | c    0.012s | ember/ref  0.58x | MB    3.8 /    3.8
t3_lines                       ember  0.066s | c    0.057s | ember/ref  1.14x | MB    3.8 /    3.8
t4_split                       ember  0.058s | c    0.055s | ember/ref  1.05x | MB    3.8 /    3.8
t5_words                       ember  0.061s | c    0.071s | ember/ref  0.87x | MB    3.8 /    3.8
t6_char_indices                ember  0.031s | c    0.033s | ember/ref  0.94x | MB    3.8 /    3.8
t1_chars                       ember  0.024s | c    0.031s | ember/ref  0.76x | MB    3.7 /    3.7
t1b_str_loop                   ember  0.024s | c    0.032s | ember/ref  0.76x | MB    3.7 /    3.7
t2_bytes                       ember  0.006s | c    0.011s | ember/ref  0.56x | MB    3.7 /    3.7
t3_lines                       ember  0.058s | c    0.055s | ember/ref  1.06x | MB    3.7 /    3.7
t4_split                       ember  0.056s | c    0.059s | ember/ref  0.94x | MB    3.7 /    3.7
t5_words                       ember  0.049s | c    0.076s | ember/ref  0.65x | MB    3.7 /    3.7
t6_char_indices                ember  0.028s | c    0.032s | ember/ref  0.88x | MB    3.7 /    3.7
