# 2026-10-09: final compact map lookup, before/after/twin interleaved.
# Baseline b9847ea. Mains throughout; Windows performance-core mask 0xC03C03.
# GCC: one WSL guest CPU (0); host performance-core affinity unverified.
a00_empty                      ember 0.000300s | c   0.000302s | ember/ref 0.99x | MB 21.3 / 21.3
a01_int_math                   ember 0.053963s | c   0.054379s | ember/ref 0.99x | MB 21.3 / 21.3
a02_float_math                 ember 0.091536s | c   0.091536s | ember/ref 1.00x | MB 21.3 / 21.3
a03_strings                    ember 0.085715s | cpp 0.129472s | ember/ref 0.66x | MB 97.7 / 129.7
a04_map_int                    ember 0.040582s | cpp 0.062878s | ember/ref 0.65x | MB 42.0 / 47.5
a05_structs                    ember 0.106094s | c   0.106049s | ember/ref 1.00x | MB 21.3 / 21.3
a06_enum_match                 ember 0.070176s | c   0.087628s | ember/ref 0.80x | MB 25.6 / 25.7
a07_virtual_calls              ember 0.065160s | cpp 0.062627s | ember/ref 1.04x | MB 57.5 / 43.9
a08_closures                   ember 0.091531s | cpp 0.091531s | ember/ref 1.00x | MB 21.3 / 21.3
a09_generics                   ember 0.100140s | cpp 0.101192s | ember/ref 0.99x | MB 21.5 / 21.5
a10_recursion                  ember 0.000481s | c   0.025953s | ember/ref 0.02x | MB 21.5 / 21.5
a11_dod_soa                    ember 0.084471s | c   0.084341s | ember/ref 1.00x | MB 21.5 / 21.5
a12_sort                       ember 0.244875s | cpp 0.280272s | ember/ref 0.87x | MB 41.7 / 70.9
a13_map_scrambled              ember 0.202667s | cpp 0.239639s | ember/ref 0.85x | MB 42.0 / 47.5
a14_map_gap_1024               ember 0.053025s | cpp 0.080690s | ember/ref 0.66x | MB 42.0 / 47.5
a15_map_gap_1048576            ember 0.041887s | cpp 0.079504s | ember/ref 0.53x | MB 42.0 / 47.5
a16_map_text                   ember 0.056097s | cpp 0.117555s | ember/ref 0.48x | MB 21.5 / 21.5
b13_checked                    ember 0.034125s | c   0.035376s | ember/ref 0.96x | MB 21.5 / 21.5
b13_wrapped                    ember 0.034667s | c   0.034955s | ember/ref 0.99x | MB 21.5 / 21.5
b14_checked                    ember 0.347139s | c   0.348435s | ember/ref 1.00x | MB 21.5 / 21.5
b14_wrapped                    ember 0.346092s | c   0.346596s | ember/ref 1.00x | MB 21.5 / 21.5
b15_checked                    ember 0.357579s | c   0.353585s | ember/ref 1.01x | MB 21.5 / 21.5
b15_wrapped                    ember 0.344450s | c   0.348757s | ember/ref 0.99x | MB 21.5 / 21.5
b16_checked                    ember 0.393202s | c   0.385098s | ember/ref 1.02x | MB 21.6 / 21.6
b16_wrapped                    ember 0.384379s | c   0.374851s | ember/ref 1.03x | MB 21.6 / 21.6
p1_read_loop                   ember 0.025240s | c   0.025353s | ember/ref 1.00x | MB 21.6 / 21.6
p2_view_held                   ember 0.013839s | c   0.036253s | ember/ref 0.38x | MB 21.1 / 21.1
p3_mut_self_1_field            ember 0.020208s | cpp 0.020635s | ember/ref 0.98x | MB 21.6 / 21.6
p3_mut_self_6_fields           ember 0.020288s | cpp 0.020754s | ember/ref 0.98x | MB 21.6 / 21.6
p4_views_alive_01              ember 0.014564s | c   0.039813s | ember/ref 0.37x | MB 21.6 / 21.6
p4_views_alive_04              ember 0.014838s | c   0.040114s | ember/ref 0.37x | MB 21.6 / 21.6
p4_views_alive_16              ember 0.014602s | c   0.039530s | ember/ref 0.37x | MB 21.6 / 21.6
p5_million_objects             ember 0.170766s | cpp 0.150495s | ember/ref 1.13x | MB 105.6 / 91.9
p6_million_objects_6_lists     ember 0.244890s | cpp 0.247333s | ember/ref 0.99x | MB 217.6 / 171.9
p7_mut_self_calls_a_function   ember 0.020236s | cpp 0.020687s | ember/ref 0.98x | MB 21.6 / 21.6
s1_enumerate_xor               ember 0.056024s | c   0.056695s | ember/ref 0.99x | MB 21.6 / 21.6
s2_zip_and                     ember 0.112130s | c   0.112206s | ember/ref 1.00x | MB 21.6 / 21.6
s3_skip_step_take              ember 0.046937s | c   0.046600s | ember/ref 1.01x | MB 21.6 / 21.6
s4_copied_enumerate_skip       ember 0.053044s | c   0.052509s | ember/ref 1.01x | MB 21.6 / 21.6
s5_range_step_enumerate        ember 0.059268s | c   0.059435s | ember/ref 1.00x | MB 21.6 / 21.6
t1_chars                       ember 0.020847s | c   0.024442s | ember/ref 0.85x | MB 21.8 / 21.8
t1b_str_loop                   ember 0.021154s | c   0.024443s | ember/ref 0.87x | MB 21.8 / 21.8
t2_bytes                       ember 0.001750s | c   0.009177s | ember/ref 0.19x | MB 21.8 / 21.8
t3_lines                       ember 0.052236s | c   0.052750s | ember/ref 0.99x | MB 21.8 / 21.8
t4_split                       ember 0.044684s | c   0.047123s | ember/ref 0.95x | MB 22.0 / 22.0
t5_words                       ember 0.042059s | c   0.052191s | ember/ref 0.81x | MB 22.0 / 22.0
t6_char_indices                ember 0.028347s | c   0.028256s | ember/ref 1.00x | MB 22.0 / 22.0
w13_checked                    ember 0.038497s | c   0.038199s | ember/ref 1.01x | MB 22.0 / 22.0
w13_int_lanes                  ember 0.038551s | c   0.038971s | ember/ref 0.99x | MB 22.0 / 22.0
w1_sum_loop                    ember 0.025400s | c   0.025466s | ember/ref 1.00x | MB 22.0 / 22.0
