a00_empty                      ember  0.000s | c    0.000s | ember/ref  1.18x | MB   14.7 /   14.7
a01_int_math                   ember  0.054s | c    0.054s | ember/ref  0.99x | MB   14.7 /   14.7
a02_float_math                 ember  0.091s | c    0.091s | ember/ref  1.00x | MB   14.7 /   14.7
a03_strings                    ember  0.087s | cpp  0.135s | ember/ref  0.65x | MB   97.7 /  129.7
a04_map_int                    ember  0.046s | cpp  0.064s | ember/ref  0.73x | MB   42.0 /   47.5
a05_structs                    ember  0.088s | c    0.089s | ember/ref  0.99x | MB   14.7 /   14.7
a06_enum_match                 ember  0.079s | c    0.098s | ember/ref  0.80x | MB   25.6 /   25.7
a07_virtual_calls              ember  0.069s | cpp  0.065s | ember/ref  1.06x | MB   57.5 /   43.9
a08_closures                   ember  0.091s | cpp  0.091s | ember/ref  1.00x | MB   14.9 /   14.9
a09_generics                   ember  0.100s | cpp  0.101s | ember/ref  0.98x | MB   14.9 /   14.9
a10_recursion                  ember  0.001s | c    0.026s | ember/ref  0.02x | MB   14.9 /   14.9
a11_dod_soa                    ember  0.085s | c    0.084s | ember/ref  1.01x | MB   14.9 /   14.9
a12_sort                       ember  0.246s | cpp  0.282s | ember/ref  0.87x | MB   41.7 /   70.9
a13_map_scrambled              ember  0.219s | cpp  0.251s | ember/ref  0.87x | MB   42.0 /   47.5
a14_map_gap_1024               ember  0.064s | cpp  0.084s | ember/ref  0.76x | MB   42.0 /   47.5
a15_map_gap_1048576            ember  0.044s | cpp  0.074s | ember/ref  0.60x | MB   42.0 /   47.5
a16_map_text                   ember  0.060s | cpp  0.117s | ember/ref  0.51x | MB   19.9 /   19.5
b13_checked                    ember  0.035s | c    0.035s | ember/ref  0.99x | MB   14.9 /   14.9
b13_wrapped                    ember  0.034s | c    0.035s | ember/ref  0.98x | MB   14.9 /   14.9
b14_checked                    ember  0.348s | c    0.349s | ember/ref  1.00x | MB   14.9 /   14.9
b14_wrapped                    ember  0.344s | c    0.344s | ember/ref  1.00x | MB   14.9 /   14.9
b15_checked                    ember  0.341s | c    0.338s | ember/ref  1.01x | MB   14.9 /   14.9
b15_wrapped                    ember  0.344s | c    0.337s | ember/ref  1.02x | MB   14.9 /   14.9
b16_checked                    ember  0.389s | c    0.387s | ember/ref  1.01x | MB   14.9 /   14.9
b16_wrapped                    ember  0.381s | c    0.380s | ember/ref  1.00x | MB   14.9 /   14.9
p1_read_loop                   ember  0.025s | c    0.025s | ember/ref  1.00x | MB   14.9 /   14.9
p2_view_held                   ember  0.014s | c    0.036s | ember/ref  0.38x | MB   14.9 /   14.9
p3_mut_self_1_field            ember  0.020s | cpp  0.020s | ember/ref  0.99x | MB   14.9 /   14.9
p3_mut_self_6_fields           ember  0.020s | cpp  0.021s | ember/ref  0.98x | MB   14.9 /   14.9
p4_views_alive_01              ember  0.015s | c    0.040s | ember/ref  0.37x | MB   14.9 /   14.9
p4_views_alive_04              ember  0.015s | c    0.040s | ember/ref  0.37x | MB   14.9 /   14.9
p4_views_alive_16              ember  0.015s | c    0.040s | ember/ref  0.37x | MB   14.9 /   14.9
p5_million_objects             ember  0.171s | cpp  0.154s | ember/ref  1.11x | MB  106.2 /   91.8
p6_million_objects_6_lists     ember  0.237s | cpp  0.238s | ember/ref  0.99x | MB  218.3 /  171.9
p7_mut_self_calls_a_function   ember  0.020s | cpp  0.021s | ember/ref  0.98x | MB   14.9 /   14.9
s1_enumerate_xor               ember  0.057s | c    0.056s | ember/ref  1.01x | MB   14.9 /   14.9
s2_zip_and                     ember  0.114s | c    0.113s | ember/ref  1.00x | MB   17.7 /   17.7
s3_skip_step_take              ember  0.047s | c    0.048s | ember/ref  0.99x | MB   14.9 /   14.9
s4_copied_enumerate_skip       ember  0.052s | c    0.051s | ember/ref  1.02x | MB   14.9 /   14.9
s5_range_step_enumerate        ember  0.059s | c    0.060s | ember/ref  1.00x | MB   14.9 /   14.9
t1_chars                       ember  0.021s | c    0.024s | ember/ref  0.85x | MB   14.9 /   14.9
t1b_str_loop                   ember  0.021s | c    0.024s | ember/ref  0.85x | MB   14.9 /   14.9
t2_bytes                       ember  0.002s | c    0.009s | ember/ref  0.20x | MB   14.9 /   14.9
t3_lines                       ember  0.051s | c    0.052s | ember/ref  0.99x | MB   14.9 /   14.9
t4_split                       ember  0.044s | c    0.046s | ember/ref  0.96x | MB   14.9 /   14.9
t5_words                       ember  0.043s | c    0.052s | ember/ref  0.82x | MB   14.9 /   14.9
t6_char_indices                ember  0.028s | c    0.028s | ember/ref  1.00x | MB   14.9 /   14.9
w13_checked                    ember  0.039s | c    0.039s | ember/ref  1.01x | MB   14.9 /   14.9
w13_int_lanes                  ember  0.039s | c    0.039s | ember/ref  1.00x | MB   14.9 /   14.9
w1_sum_loop                    ember  0.025s | c    0.025s | ember/ref  1.00x | MB   14.9 /   14.9
