# 2026-10-09: final compact map lookup, before/after/twin interleaved.
# Baseline b9847ea. Mains throughout; Windows performance-core mask 0xC03C03.
# GCC: one WSL guest CPU (0); host performance-core affinity unverified.
a00_empty                      ember 0.004865s | c   0.004756s | ember/ref 1.02x | MB 0.8 / 0.7
a00_empty                      ember 0.004579s | c   0.004586s | ember/ref 1.00x | MB 0.7 / 0.7
a01_int_math                   ember 0.054329s | c   0.067281s | ember/ref 0.81x | MB 0.7 / 0.8
a01_int_math                   ember 0.046766s | c   0.045722s | ember/ref 1.02x | MB 0.7 / 0.6
a02_float_math                 ember 0.095852s | c   0.096025s | ember/ref 1.00x | MB 0.7 / 0.8
a02_float_math                 ember 0.093942s | c   0.094130s | ember/ref 1.00x | MB 0.7 / 0.7
a03_strings                    ember 0.062672s | cpp 0.149604s | ember/ref 0.42x | MB 96.9 / 171.2
a03_strings                    ember 0.067055s | cpp 0.124848s | ember/ref 0.54x | MB 96.8 / 171.4
a04_map_int                    ember 0.067385s | cpp 0.376583s | ember/ref 0.18x | MB 56.4 / 69.2
a04_map_int                    ember 0.058971s | cpp 0.322610s | ember/ref 0.18x | MB 56.3 / 68.9
a05_structs                    ember 0.083824s | c   0.083045s | ember/ref 1.01x | MB 4.0 / 4.0
a05_structs                    ember 0.086634s | c   0.086591s | ember/ref 1.00x | MB 3.9 / 3.9
a06_enum_match                 ember 0.101026s | c   0.124848s | ember/ref 0.81x | MB 24.8 / 24.8
a06_enum_match                 ember 0.099330s | c   0.104112s | ember/ref 0.95x | MB 24.7 / 24.7
a07_virtual_calls              ember 0.097931s | cpp 0.097184s | ember/ref 1.01x | MB 60.4 / 43.9
a07_virtual_calls              ember 0.097391s | cpp 0.098066s | ember/ref 0.99x | MB 60.3 / 43.7
a08_closures                   ember 0.099092s | cpp 0.097847s | ember/ref 1.01x | MB 0.7 / 0.7
a08_closures                   ember 0.119939s | cpp 0.118730s | ember/ref 1.01x | MB 0.7 / 0.7
a09_generics                   ember 0.113119s | cpp 0.121985s | ember/ref 0.93x | MB 0.8 / 0.8
a09_generics                   ember 0.104267s | cpp 0.103349s | ember/ref 1.01x | MB 0.7 / 0.6
a10_recursion                  ember 0.108872s | c   0.103194s | ember/ref 1.06x | MB 0.8 / 0.7
a10_recursion                  ember 0.111012s | c   0.063333s | ember/ref 1.75x | MB 0.7 / 0.6
a11_dod_soa                    ember 0.096982s | c   0.197906s | ember/ref 0.49x | MB 2.4 / 2.4
a11_dod_soa                    ember 0.095002s | c   0.094947s | ember/ref 1.00x | MB 2.3 / 2.3
a12_sort                       ember 0.229417s | cpp 0.305181s | ember/ref 0.75x | MB 40.8 / 73.6
a12_sort                       ember 0.235910s | cpp 0.291945s | ember/ref 0.81x | MB 40.7 / 73.3
a13_map_scrambled              ember 0.217424s | cpp 0.372830s | ember/ref 0.58x | MB 56.4 / 69.2
a13_map_scrambled              ember 0.222703s | cpp 0.453842s | ember/ref 0.49x | MB 56.3 / 68.9
a14_map_gap_1024               ember 0.089589s | cpp 0.298505s | ember/ref 0.30x | MB 56.4 / 69.2
a14_map_gap_1024               ember 0.083585s | cpp 0.269789s | ember/ref 0.31x | MB 56.3 / 68.9
a15_map_gap_1048576            ember 0.068826s | cpp 0.263753s | ember/ref 0.26x | MB 56.4 / 69.2
a15_map_gap_1048576            ember 0.062755s | cpp 0.238589s | ember/ref 0.26x | MB 56.3 / 68.9
a16_map_text                   ember 0.092948s | cpp 0.090143s | ember/ref 1.03x | MB 26.5 / 18.8
a16_map_text                   ember 0.081068s | cpp 0.102089s | ember/ref 0.79x | MB 26.4 / 18.5
b13_checked                    ember 0.035584s | c   0.035463s | ember/ref 1.00x | MB 2.4 / 2.4
b13_checked                    ember 0.041716s | c   0.041967s | ember/ref 0.99x | MB 2.3 / 2.2
b13_wrapped                    ember 0.035787s | c   0.035447s | ember/ref 1.01x | MB 2.4 / 2.4
b13_wrapped                    ember 0.042509s | c   0.042700s | ember/ref 1.00x | MB 2.3 / 2.2
b14_checked                    ember 0.381109s | c   1.181784s | ember/ref 0.32x | MB 2.4 / 2.4
b14_checked                    ember 0.383762s | c   0.387118s | ember/ref 0.99x | MB 2.3 / 2.2
b14_wrapped                    ember 0.376927s | c   1.177288s | ember/ref 0.32x | MB 2.4 / 2.4
b14_wrapped                    ember 0.391059s | c   0.393088s | ember/ref 0.99x | MB 2.3 / 2.3
b15_checked                    ember 0.382658s | c   1.184838s | ember/ref 0.32x | MB 2.4 / 2.4
b15_checked                    ember 0.383854s | c   0.388636s | ember/ref 0.99x | MB 2.3 / 2.2
b15_wrapped                    ember 0.378945s | c   1.185497s | ember/ref 0.32x | MB 2.4 / 2.4
b15_wrapped                    ember 0.386202s | c   0.389120s | ember/ref 0.99x | MB 2.3 / 2.3
b16_checked                    ember 0.085744s | c   0.457733s | ember/ref 0.19x | MB 3.2 / 3.2
b16_checked                    ember 0.394847s | c   0.394716s | ember/ref 1.00x | MB 3.1 / 3.1
b16_wrapped                    ember 0.085698s | c   0.456507s | ember/ref 0.19x | MB 3.2 / 3.2
b16_wrapped                    ember 0.394472s | c   0.396061s | ember/ref 1.00x | MB 3.1 / 3.1
p1_read_loop                   ember 0.022118s | c   0.022817s | ember/ref 0.97x | MB 0.8 / 0.8
p1_read_loop                   ember 0.016084s | c   0.016147s | ember/ref 1.00x | MB 0.7 / 0.7
p2_view_held                   ember 0.045935s | c   0.064726s | ember/ref 0.71x | MB 0.8 / 0.8
p2_view_held                   ember 0.020814s | c   0.046215s | ember/ref 0.45x | MB 0.7 / 0.7
p3_mut_self_1_field            ember 0.025377s | cpp 0.030489s | ember/ref 0.83x | MB 0.7 / 0.8
p3_mut_self_1_field            ember 0.025005s | cpp 0.024870s | ember/ref 1.01x | MB 0.7 / 0.7
p3_mut_self_6_fields           ember 0.025568s | cpp 0.030843s | ember/ref 0.83x | MB 0.8 / 0.8
p3_mut_self_6_fields           ember 0.024544s | cpp 0.024379s | ember/ref 1.01x | MB 0.7 / 0.6
p4_views_alive_01              ember 0.044987s | c   0.044651s | ember/ref 1.01x | MB 0.8 / 0.8
p4_views_alive_01              ember 0.019602s | c   0.047812s | ember/ref 0.41x | MB 0.7 / 0.7
p4_views_alive_04              ember 0.046410s | c   0.047365s | ember/ref 0.98x | MB 0.8 / 0.8
p4_views_alive_04              ember 0.019119s | c   0.046358s | ember/ref 0.41x | MB 0.7 / 0.7
p4_views_alive_16              ember 0.045542s | c   0.044229s | ember/ref 1.03x | MB 0.8 / 0.8
p4_views_alive_16              ember 0.019009s | c   0.046864s | ember/ref 0.41x | MB 0.7 / 0.7
p5_million_objects             ember 0.206944s | cpp 0.228521s | ember/ref 0.91x | MB 108.8 / 92.8
p5_million_objects             ember 0.213621s | cpp 0.232016s | ember/ref 0.92x | MB 108.7 / 92.5
p6_million_objects_6_lists     ember 0.284657s | cpp 0.312723s | ember/ref 0.91x | MB 224.2 / 176.0
p6_million_objects_6_lists     ember 0.274377s | cpp 0.305961s | ember/ref 0.90x | MB 224.1 / 175.8
p7_mut_self_calls_a_function   ember 0.025238s | cpp 0.030713s | ember/ref 0.82x | MB 0.8 / 0.8
p7_mut_self_calls_a_function   ember 0.025038s | cpp 0.024780s | ember/ref 1.01x | MB 0.7 / 0.6
s1_enumerate_xor               ember 0.044133s | c   0.043857s | ember/ref 1.01x | MB 8.8 / 8.8
s1_enumerate_xor               ember 0.060853s | c   0.060397s | ember/ref 1.01x | MB 8.7 / 8.7
s2_zip_and                     ember 0.119154s | c   0.119830s | ember/ref 0.99x | MB 16.8 / 16.8
s2_zip_and                     ember 0.116406s | c   0.118103s | ember/ref 0.99x | MB 16.7 / 16.7
s3_skip_step_take              ember 0.050787s | c   0.050683s | ember/ref 1.00x | MB 8.8 / 8.8
s3_skip_step_take              ember 0.047743s | c   0.047394s | ember/ref 1.01x | MB 8.7 / 8.7
s4_copied_enumerate_skip       ember 0.066292s | c   0.063781s | ember/ref 1.04x | MB 8.8 / 8.8
s4_copied_enumerate_skip       ember 0.057592s | c   0.057182s | ember/ref 1.01x | MB 8.7 / 8.7
s5_range_step_enumerate        ember 0.065033s | c   0.064658s | ember/ref 1.01x | MB 0.7 / 0.8
s5_range_step_enumerate        ember 0.043224s | c   0.042682s | ember/ref 1.01x | MB 0.7 / 0.6
t1_chars                       ember 0.030917s | c   0.032113s | ember/ref 0.96x | MB 3.8 / 3.8
t1_chars                       ember 0.024512s | c   0.032165s | ember/ref 0.76x | MB 3.7 / 3.7
t1b_str_loop                   ember 0.032478s | c   0.032676s | ember/ref 0.99x | MB 3.8 / 3.8
t1b_str_loop                   ember 0.024539s | c   0.032088s | ember/ref 0.76x | MB 3.7 / 3.7
t2_bytes                       ember 0.007648s | c   0.012928s | ember/ref 0.59x | MB 3.8 / 3.8
t2_bytes                       ember 0.007022s | c   0.012112s | ember/ref 0.58x | MB 3.7 / 3.7
t3_lines                       ember 0.069036s | c   0.059646s | ember/ref 1.16x | MB 3.8 / 3.8
t3_lines                       ember 0.063621s | c   0.059795s | ember/ref 1.06x | MB 3.7 / 3.7
t4_split                       ember 0.061856s | c   0.058424s | ember/ref 1.06x | MB 3.8 / 3.8
t4_split                       ember 0.062819s | c   0.065606s | ember/ref 0.96x | MB 3.7 / 3.7
t5_words                       ember 0.063605s | c   0.071557s | ember/ref 0.89x | MB 3.8 / 3.8
t5_words                       ember 0.049990s | c   0.076003s | ember/ref 0.66x | MB 3.7 / 3.7
t6_char_indices                ember 0.031933s | c   0.033787s | ember/ref 0.95x | MB 3.8 / 3.8
t6_char_indices                ember 0.028871s | c   0.032655s | ember/ref 0.88x | MB 3.7 / 3.7
w13_checked                    ember 0.014308s | c   0.014205s | ember/ref 1.01x | MB 3.2 / 3.2
w13_checked                    ember 0.043344s | c   0.042905s | ember/ref 1.01x | MB 3.1 / 3.1
w13_int_lanes                  ember 0.015064s | c   0.014701s | ember/ref 1.02x | MB 3.2 / 3.2
w13_int_lanes                  ember 0.044775s | c   0.047575s | ember/ref 0.94x | MB 3.1 / 3.1
w1_sum_loop                    ember 0.022522s | c   0.023211s | ember/ref 0.97x | MB 0.8 / 0.8
w1_sum_loop                    ember 0.016495s | c   0.016409s | ember/ref 1.01x | MB 0.7 / 0.7
